// Jest Snapshot v1, https://goo.gl/fbAQLP

exports[`<ButtonTag /> renders without crashing 1`] = `
<a
  className="light isSelected sc-bdVaJa emDXLY"
  href=""
  onClick={[Function]}
>
  #
  y
</a>
`;
